c:\users\mrtob\source\repos\inventorymanagementsystem\inventor.ddf0769e\x64\debug\vc145.pdb
c:\users\mrtob\source\repos\inventorymanagementsystem\inventor.ddf0769e\x64\debug\vc145.idb
c:\users\mrtob\source\repos\inventorymanagementsystem\inventor.ddf0769e\x64\debug\ui.obj
c:\users\mrtob\source\repos\inventorymanagementsystem\inventor.ddf0769e\x64\debug\search.obj
c:\users\mrtob\source\repos\inventorymanagementsystem\inventor.ddf0769e\x64\debug\main.obj
c:\users\mrtob\source\repos\inventorymanagementsystem\inventor.ddf0769e\x64\debug\inventory.obj
c:\users\mrtob\source\repos\inventorymanagementsystem\inventor.ddf0769e\x64\debug\fileio.obj
c:\users\mrtob\source\repos\inventorymanagementsystem\inventor.ddf0769e\x64\debug\codegen.obj
c:\users\mrtob\source\repos\inventorymanagementsystem\x64\debug\inventorymanagementsystem.pdb
c:\users\mrtob\source\repos\inventorymanagementsystem\inventor.ddf0769e\x64\debug\inventor.ddf0769e.tlog\cl.command.1.tlog
c:\users\mrtob\source\repos\inventorymanagementsystem\inventor.ddf0769e\x64\debug\inventor.ddf0769e.tlog\cl.read.1.tlog
c:\users\mrtob\source\repos\inventorymanagementsystem\inventor.ddf0769e\x64\debug\inventor.ddf0769e.tlog\cl.write.1.tlog
c:\users\mrtob\source\repos\inventorymanagementsystem\inventor.ddf0769e\x64\debug\inventor.ddf0769e.tlog\link-cvtres.read.1.tlog
c:\users\mrtob\source\repos\inventorymanagementsystem\inventor.ddf0769e\x64\debug\inventor.ddf0769e.tlog\link-cvtres.write.1.tlog
c:\users\mrtob\source\repos\inventorymanagementsystem\inventor.ddf0769e\x64\debug\inventor.ddf0769e.tlog\link-mt.read.1.tlog
c:\users\mrtob\source\repos\inventorymanagementsystem\inventor.ddf0769e\x64\debug\inventor.ddf0769e.tlog\link-mt.write.1.tlog
c:\users\mrtob\source\repos\inventorymanagementsystem\inventor.ddf0769e\x64\debug\inventor.ddf0769e.tlog\link-rc.read.1.tlog
c:\users\mrtob\source\repos\inventorymanagementsystem\inventor.ddf0769e\x64\debug\inventor.ddf0769e.tlog\link-rc.write.1.tlog
c:\users\mrtob\source\repos\inventorymanagementsystem\inventor.ddf0769e\x64\debug\inventor.ddf0769e.tlog\link.command.1.tlog
c:\users\mrtob\source\repos\inventorymanagementsystem\inventor.ddf0769e\x64\debug\inventor.ddf0769e.tlog\link.read.1.tlog
c:\users\mrtob\source\repos\inventorymanagementsystem\inventor.ddf0769e\x64\debug\inventor.ddf0769e.tlog\link.read.2.tlog
c:\users\mrtob\source\repos\inventorymanagementsystem\inventor.ddf0769e\x64\debug\inventor.ddf0769e.tlog\link.read.3.tlog
c:\users\mrtob\source\repos\inventorymanagementsystem\inventor.ddf0769e\x64\debug\inventor.ddf0769e.tlog\link.read.4.tlog
c:\users\mrtob\source\repos\inventorymanagementsystem\inventor.ddf0769e\x64\debug\inventor.ddf0769e.tlog\link.read.5.tlog
c:\users\mrtob\source\repos\inventorymanagementsystem\inventor.ddf0769e\x64\debug\inventor.ddf0769e.tlog\link.read.6.tlog
c:\users\mrtob\source\repos\inventorymanagementsystem\inventor.ddf0769e\x64\debug\inventor.ddf0769e.tlog\link.write.1.tlog
